// Jest Snapshot v1, https://goo.gl/fbAQLP

exports[`upload works 1`] = `
[MockFunction] {
  "calls": Array [
    Array [
      Object {
        "body": "{\\"schemaType\\":\\"PROTOBUF\\",\\"schema\\":\\"syntax = \\\\\\"proto3\\\\\\";\\\\n\\\\nmessage ExampleMessage {\\\\n\\\\n  option topic = \\\\\\"BusuuExampleEvent\\\\\\";\\\\n \\\\n  string message = 1;\\\\n  string extra = 2;\\\\n}\\"}",
        "headers": Object {
          "Authorization": "Basic VTNPUllIWTNXTDNOUklPQzpaTXMyNzdOR295L1A2TEI2RENXMXE2ZGc0Q01sLzI5Mktpbk5zRzFiTXN1TjlJSXFldXcvNjJGRWRHUmN3ZkVB",
          "Content-Type": "application/vnd.schemaregistry.v1+json",
        },
        "https": Object {
          "rejectUnauthorized": false,
        },
        "responseType": "json",
        "throwHttpErrors": false,
        "url": "https://confluent-cloud/subjects/BusuuExampleEvent/versions",
      },
    ],
  ],
  "results": Array [
    Object {
      "type": "return",
      "value": Promise {},
    },
  ],
}
`;
